============================= test session starts =============================
platform win32 -- Python 3.10.2, pytest-9.0.3, pluggy-1.6.0 -- C:\Users\m31278\AppData\Local\Programs\Python\Python310\python.exe
cachedir: .pytest_cache
rootdir: C:\claude_proj\agenticCoding\calculator
configfile: pyproject.toml
plugins: cov-7.1.0
collecting ... collected 104 items

tests/test_cli.py::TestParseNumber::test_parse_number_valid[5-5] PASSED  [  0%]
tests/test_cli.py::TestParseNumber::test_parse_number_valid[0-0] PASSED  [  1%]
tests/test_cli.py::TestParseNumber::test_parse_number_valid[-10--10] PASSED [  2%]
tests/test_cli.py::TestParseNumber::test_parse_number_valid[3.14-3.14] PASSED [  3%]
tests/test_cli.py::TestParseNumber::test_parse_number_valid[-2.5--2.5] PASSED [  4%]
tests/test_cli.py::TestParseNumber::test_parse_number_valid[  42  -42] PASSED [  5%]
tests/test_cli.py::TestParseNumber::test_parse_number_valid[100-100] PASSED [  6%]
tests/test_cli.py::TestParseNumber::test_parse_number_invalid PASSED     [  7%]
tests/test_cli.py::TestParseNumber::test_parse_number_empty PASSED       [  8%]
tests/test_cli.py::TestEvaluateExpression::test_evaluate_expression_valid[2 + 3-2 + 3-5] PASSED [  9%]
tests/test_cli.py::TestEvaluateExpression::test_evaluate_expression_valid[10 - 4-10 - 4-6] PASSED [ 10%]
tests/test_cli.py::TestEvaluateExpression::test_evaluate_expression_valid[6 * 7-6 * 7-42] PASSED [ 11%]
tests/test_cli.py::TestEvaluateExpression::test_evaluate_expression_valid[15 / 3-15 / 3-5.0] PASSED [ 12%]
tests/test_cli.py::TestEvaluateExpression::test_evaluate_expression_valid[2 ^ 8-2 ^ 8-256] PASSED [ 13%]
tests/test_cli.py::TestEvaluateExpression::test_evaluate_expression_valid[17 % 5-17 % 5-2] PASSED [ 14%]
tests/test_cli.py::TestEvaluateExpression::test_evaluate_expression_valid[sqrt(16)-sqrt(16)-4.0] PASSED [ 15%]
tests/test_cli.py::TestEvaluateExpression::test_evaluate_expression_valid[SQRT(25)-sqrt(25)-5.0] PASSED [ 16%]
tests/test_cli.py::TestEvaluateExpression::test_evaluate_expression_valid[  5  +  5  -5 + 5-10] PASSED [ 17%]
tests/test_cli.py::TestEvaluateExpression::test_evaluate_division_by_zero PASSED [ 18%]
tests/test_cli.py::TestEvaluateExpression::test_evaluate_negative_sqrt PASSED [ 19%]
tests/test_cli.py::TestEvaluateExpression::test_evaluate_modulo_by_zero PASSED [ 20%]
tests/test_cli.py::TestEvaluateExpression::test_evaluate_invalid_expression PASSED [ 21%]
tests/test_cli.py::TestEvaluateExpression::test_evaluate_float_numbers PASSED [ 22%]
tests/test_cli.py::TestEvaluateExpression::test_evaluate_negative_numbers PASSED [ 23%]
tests/test_cli.py::TestCLIIntegration::test_history_integration PASSED   [ 24%]
tests/test_cli.py::TestCLIIntegration::test_history_clear_integration PASSED [ 25%]
tests/test_cli.py::TestCLIIntegration::test_whitespace_handling[2+3] PASSED [ 25%]
tests/test_cli.py::TestCLIIntegration::test_whitespace_handling[2 +3] PASSED [ 26%]
tests/test_cli.py::TestCLIIntegration::test_whitespace_handling[2+ 3] PASSED [ 27%]
tests/test_cli.py::TestCLIIntegration::test_whitespace_handling[  2 + 3  ] PASSED [ 28%]
tests/test_core.py::TestAdd::test_add_happy_path[2-3-5] PASSED           [ 29%]
tests/test_core.py::TestAdd::test_add_happy_path[0-0-0] PASSED           [ 30%]
tests/test_core.py::TestAdd::test_add_happy_path[-1-1-0] PASSED          [ 31%]
tests/test_core.py::TestAdd::test_add_happy_path[1.5-2.5-4.0] PASSED     [ 32%]
tests/test_core.py::TestAdd::test_add_happy_path[-5--3--8] PASSED        [ 33%]
tests/test_core.py::TestAdd::test_add_happy_path[100-200-300] PASSED     [ 34%]
tests/test_core.py::TestAdd::test_add_happy_path[0.1-0.2-expected6] PASSED [ 35%]
tests/test_core.py::TestSubtract::test_subtract_happy_path[5-3-2] PASSED [ 36%]
tests/test_core.py::TestSubtract::test_subtract_happy_path[0-0-0] PASSED [ 37%]
tests/test_core.py::TestSubtract::test_subtract_happy_path[1-1-0] PASSED [ 38%]
tests/test_core.py::TestSubtract::test_subtract_happy_path[10-15--5] PASSED [ 39%]
tests/test_core.py::TestSubtract::test_subtract_happy_path[-5--3--2] PASSED [ 40%]
tests/test_core.py::TestSubtract::test_subtract_happy_path[2.5-1.5-1.0] PASSED [ 41%]
tests/test_core.py::TestMultiply::test_multiply_happy_path[4-3-12] PASSED [ 42%]
tests/test_core.py::TestMultiply::test_multiply_happy_path[0-100-0] PASSED [ 43%]
tests/test_core.py::TestMultiply::test_multiply_happy_path[-2-3--6] PASSED [ 44%]
tests/test_core.py::TestMultiply::test_multiply_happy_path[-2--3-6] PASSED [ 45%]
tests/test_core.py::TestMultiply::test_multiply_happy_path[2.5-4-10.0] PASSED [ 46%]
tests/test_core.py::TestMultiply::test_multiply_happy_path[1-1-1] PASSED [ 47%]
tests/test_core.py::TestDivide::test_divide_happy_path[10-2-5.0] PASSED  [ 48%]
tests/test_core.py::TestDivide::test_divide_happy_path[7-2-3.5] PASSED   [ 49%]
tests/test_core.py::TestDivide::test_divide_happy_path[0-5-0.0] PASSED   [ 50%]
tests/test_core.py::TestDivide::test_divide_happy_path[-10-2--5.0] PASSED [ 50%]
tests/test_core.py::TestDivide::test_divide_happy_path[10--2--5.0] PASSED [ 51%]
tests/test_core.py::TestDivide::test_divide_happy_path[-10--2-5.0] PASSED [ 52%]
tests/test_core.py::TestDivide::test_divide_happy_path[1-3-expected6] PASSED [ 53%]
tests/test_core.py::TestDivide::test_divide_by_zero_raises_value_error PASSED [ 54%]
tests/test_core.py::TestDivide::test_divide_zero_by_zero_raises_value_error PASSED [ 55%]
tests/test_core.py::TestPower::test_power_happy_path[2-3-8] PASSED       [ 56%]
tests/test_core.py::TestPower::test_power_happy_path[2-0-1] PASSED       [ 57%]
tests/test_core.py::TestPower::test_power_happy_path[2--1-0.5] PASSED    [ 58%]
tests/test_core.py::TestPower::test_power_happy_path[4-0.5-2.0] PASSED   [ 59%]
tests/test_core.py::TestPower::test_power_happy_path[10-2-100] PASSED    [ 60%]
tests/test_core.py::TestPower::test_power_happy_path[-2-2-4] PASSED      [ 61%]
tests/test_core.py::TestPower::test_power_happy_path[-2-3--8] PASSED     [ 62%]
tests/test_core.py::TestPower::test_power_happy_path[0-5-0] PASSED       [ 63%]
tests/test_core.py::TestSquareRoot::test_square_root_happy_path[16-4.0] PASSED [ 64%]
tests/test_core.py::TestSquareRoot::test_square_root_happy_path[2-1.4142135623730951] PASSED [ 65%]
tests/test_core.py::TestSquareRoot::test_square_root_happy_path[0-0.0] PASSED [ 66%]
tests/test_core.py::TestSquareRoot::test_square_root_happy_path[1-1.0] PASSED [ 67%]
tests/test_core.py::TestSquareRoot::test_square_root_happy_path[100-10.0] PASSED [ 68%]
tests/test_core.py::TestSquareRoot::test_square_root_happy_path[0.25-0.5] PASSED [ 69%]
tests/test_core.py::TestSquareRoot::test_square_root_negative_raises_value_error PASSED [ 70%]
tests/test_core.py::TestSquareRoot::test_square_root_negative_large_raises_value_error PASSED [ 71%]
tests/test_core.py::TestModulo::test_modulo_happy_path[10-3-1] PASSED    [ 72%]
tests/test_core.py::TestModulo::test_modulo_happy_path[15-5-0] PASSED    [ 73%]
tests/test_core.py::TestModulo::test_modulo_happy_path[17-5-2] PASSED    [ 74%]
tests/test_core.py::TestModulo::test_modulo_happy_path[-10-3-2] PASSED   [ 75%]
tests/test_core.py::TestModulo::test_modulo_happy_path[10--3--2] PASSED  [ 75%]
tests/test_core.py::TestModulo::test_modulo_happy_path[0-5-0] PASSED     [ 76%]
tests/test_core.py::TestModulo::test_modulo_happy_path[7.5-2.5-expected6] PASSED [ 77%]
tests/test_core.py::TestModulo::test_modulo_by_zero_raises_value_error PASSED [ 78%]
tests/test_core.py::TestModulo::test_modulo_zero_by_zero_raises_value_error PASSED [ 79%]
tests/test_history.py::TestHistoryEntry::test_history_entry_creation PASSED [ 80%]
tests/test_history.py::TestHistoryEntry::test_history_entry_default_timestamp PASSED [ 81%]
tests/test_history.py::TestHistoryEntry::test_history_entry_str PASSED   [ 82%]
tests/test_history.py::TestHistoryEntry::test_history_entry_with_float_result PASSED [ 83%]
tests/test_history.py::TestCalculationHistory::test_init_empty PASSED    [ 84%]
tests/test_history.py::TestCalculationHistory::test_add_single_entry PASSED [ 85%]
tests/test_history.py::TestCalculationHistory::test_add_multiple_entries PASSED [ 86%]
tests/test_history.py::TestCalculationHistory::test_get_all_returns_copy PASSED [ 87%]
tests/test_history.py::TestCalculationHistory::test_get_all_order PASSED [ 88%]
tests/test_history.py::TestCalculationHistory::test_get_last_n[1-1] PASSED [ 89%]
tests/test_history.py::TestCalculationHistory::test_get_last_n[2-2] PASSED [ 90%]
tests/test_history.py::TestCalculationHistory::test_get_last_n[3-3] PASSED [ 91%]
tests/test_history.py::TestCalculationHistory::test_get_last_n[5-3] PASSED [ 92%]
tests/test_history.py::TestCalculationHistory::test_get_last_n[100-3] PASSED [ 93%]
tests/test_history.py::TestCalculationHistory::test_get_last_returns_correct_entries PASSED [ 94%]
tests/test_history.py::TestCalculationHistory::test_get_last_zero PASSED [ 95%]
tests/test_history.py::TestCalculationHistory::test_get_last_negative PASSED [ 96%]
tests/test_history.py::TestCalculationHistory::test_clear PASSED         [ 97%]
tests/test_history.py::TestCalculationHistory::test_clear_empty_history PASSED [ 98%]
tests/test_history.py::TestCalculationHistory::test_len PASSED           [ 99%]
tests/test_history.py::TestCalculationHistory::test_history_with_fixture PASSED [100%]

============================= 104 passed in 0.38s =============================
